../Core/Src/main.c:93:5:main	8	static
../Core/Src/main.c:143:6:SystemClock_Config	88	static
../Core/Src/main.c:190:13:MX_ADC1_Init	24	static
../Core/Src/main.c:242:13:MX_TIM6_Init	16	static
../Core/Src/main.c:280:13:MX_USART3_UART_Init	8	static
../Core/Src/main.c:313:13:MX_USB_OTG_FS_PCD_Init	8	static
../Core/Src/main.c:346:13:MX_DMA_Init	16	static
../Core/Src/main.c:368:13:MX_GPIO_Init	56	static
../Core/Src/main.c:427:6:HAL_GPIO_EXTI_Callback	16	static
../Core/Src/main.c:443:6:processBuffer	24	static
../Core/Src/main.c:499:6:HAL_ADC_ConvHalfCpltCallback	16	static
../Core/Src/main.c:505:6:HAL_ADC_ConvCpltCallback	16	static
../Core/Src/main.c:510:6:HAL_UART_TxCpltCallback	16	static
../Core/Src/main.c:513:6:buildByte	16	static
../Core/Src/main.c:525:6:Error_Handler	4	static,ignoring_inline_asm
