../Core/Src/main.c:96:5:main	48	static
../Core/Src/main.c:172:6:SystemClock_Config	88	static
../Core/Src/main.c:219:13:MX_DAC_Init	16	static
../Core/Src/main.c:259:13:MX_TIM2_Init	32	static
../Core/Src/main.c:304:13:MX_USART3_UART_Init	8	static
../Core/Src/main.c:337:13:MX_USB_OTG_FS_PCD_Init	8	static
../Core/Src/main.c:370:13:MX_DMA_Init	16	static
../Core/Src/main.c:388:13:MX_GPIO_Init	56	static
../Core/Src/main.c:435:8:get_bit	16	static
../Core/Src/main.c:451:6:Error_Handler	4	static,ignoring_inline_asm
