../Core/Src/main.c:139:6:SystemClock_Config	88	static,ignoring_inline_asm
../Core/Src/main.c:89:5:main	64	static,ignoring_inline_asm
../Core/Src/main.c:423:6:HAL_GPIO_EXTI_Callback	8	static
../Core/Src/main.c:436:6:HAL_ADC_ConvHalfCpltCallback	56	static
../Core/Src/main.c:482:6:HAL_ADC_ConvCpltCallback	56	static
../Core/Src/main.c:525:6:HAL_UART_TxCpltCallback	0	static
../Core/Src/main.c:530:6:buildChar	0	static
../Core/Src/main.c:534:6:buildWord	0	static
../Core/Src/main.c:544:6:Error_Handler	0	static,ignoring_inline_asm
